
> taskfixerai_chat@1.0.0 build
> next build

   ▲ Next.js 16.0.3 (Turbopack)
   - Environments: .env
   - Experiments (use with caution):
     · optimizePackageImports

   Creating an optimized production build ...
 ✓ Compiled successfully in 4.1s
   Skipping validation of types
   Collecting page data using 7 workers ...
   Generating static pages using 7 workers (0/23) ...
   Generating static pages using 7 workers (5/23) 
   Generating static pages using 7 workers (11/23) 
   Generating static pages using 7 workers (17/23) 
 ✓ Generating static pages using 7 workers (23/23) in 478.6ms
   Finalizing page optimization ...

Route (app)
┌ ○ /
├ ○ /_not-found
├ ○ /account
├ ƒ /api/chat
├ ƒ /api/chat-history
├ ƒ /api/chat-history/[chatId]
├ ƒ /api/checkout
├ ƒ /api/contact-sales
├ ƒ /api/download-pdf
├ ƒ /api/stripe-redirect
├ ƒ /api/subscriptions/cancel
├ ƒ /api/subscriptions/portal
├ ƒ /api/test/simulate-expiration
├ ƒ /api/upload
├ ƒ /api/webhooks/stripe
├ ƒ /auth/callback
├ ○ /auth/forgot-password
├ ○ /auth/login
├ ○ /auth/reset-password
├ ○ /auth/signup
├ ○ /chat
├ ○ /checkout
└ ○ /contact-sales


ƒ Proxy (Middleware)

○  (Static)   prerendered as static content
ƒ  (Dynamic)  server-rendered on demand

